[2025/01/09 16:02:32]GCLOUD_VERSION_TP_7.2.017.20786
[2025/01/09 16:02:32]android ver:7.2.17.20786 20230522
[2025/01/09 16:02:32]{
[2025/01/09 16:02:32] __MODULE_TERSAFE2__
[2025/01/09 16:02:32] __ENABLE_DATA_ENC__
[2025/01/09 16:02:32] __ENABLE_MPRCS__
[2025/01/09 16:02:32] __ENABLE_TPSTL__
[2025/01/09 16:02:32] __ENABLE_TPLIBC__
[2025/01/09 16:02:32] __USE_NEW_QOS_ONLY__
[2025/01/09 16:02:32] __ENABLE_SO_UPDATE__
[2025/01/09 16:02:32]}
[2025/01/09 16:02:32]module
[2025/01/09 16:02:32]{
[2025/01/09 16:02:32] 17:1
[2025/01/09 16:02:32] 19:1
[2025/01/09 16:02:32] 24:1
[2025/01/09 16:02:32] 68:1
[2025/01/09 16:02:32]}
[2025/01/09 16:02:32]so:arm64
[2025/01/09 16:02:32]pid:27169
[2025/01/09 16:02:32]!aac
[2025/01/09 16:02:32]ctl:ilc_open_pipe
[2025/01/09 16:02:32]ChkInit{
[2025/01/09 16:02:32]init_info:0x7f99c11c90
[2025/01/09 16:02:32]init_info->size_:16
[2025/01/09 16:02:32]init_info->game_id_:20059
[2025/01/09 16:02:32]init_info->tss_sdk_send_data_to_svr:0x0
[2025/01/09 16:02:32]ChkInit}
[2025/01/09 16:02:32]|jar_ver:7.2.17(2020/11/10)-jar-version
[2025/01/09 16:02:32]!gp3:27270
[2025/01/09 16:02:35][VM64][builtin.zip][vm_main.img]build_options
[2025/01/09 16:02:35][VM64][builtin.zip][vm_main.img]{
[2025/01/09 16:02:35][VM64][builtin.zip][vm_main.img]  ver:20240619.1
[2025/01/09 16:02:35][VM64][builtin.zip][vm_main.img]  arch:arm64
[2025/01/09 16:02:35][VM64][builtin.zip][vm_main.img]  __PLATFORM_ANDROID__
[2025/01/09 16:02:35][VM64][builtin.zip][vm_main.img]}
[2025/01/09 16:02:35]dl https://down.anticheatexpert.com/iedsafe/Client/android/test/20059/config2.xml, retval:0, size:833, cache:0
[2025/01/09 16:02:35]dl https://down.anticheatexpert.com/iedsafe/Client/android/test/20059/config3.xml, retval:-1, size:0, cache:0
[2025/01/09 16:02:35]SetUserInfoEx{
[2025/01/09 16:02:35]user_info:0x7f99c11cd8
[2025/01/09 16:02:35]user_info->size_:212
[2025/01/09 16:02:35]user_info->entry_id_:1
[2025/01/09 16:02:35]user_info->uin_.type_:2
[2025/01/09 16:02:35]user_info->uin_.uin_str_:AB36366565F9E02C191ACE_7217
[2025/01/09 16:02:35]user_info->app_id_.type_:2
[2025/01/09 16:02:35]user_info->app_id_.app_id_str_:
[2025/01/09 16:02:35]user_info->world_id_:101
[2025/01/09 16:02:35]user_info->role_id_:paladin
[2025/01/09 16:02:35]SetUserInfoEx}
[2025/01/09 16:02:35]send_0,ret:1,cnt:1,len:132,remain:3,cs:0
[2025/01/09 16:02:35]cai:1
[2025/01/09 16:02:36]dl https://down.anticheatexpert.com/iedsafe/Client/android/20059/5777780D/comm.zip, retval:0, size:32044, cache:0
[2025/01/09 16:02:36]dl https://down.anticheatexpert.com/iedsafe/Client/android/20059/26E55B6A/tss_ano.dat, retval:0, size:3701, cache:0
[2025/01/09 16:02:36]dl https://down.anticheatexpert.com/iedsafe/Client/android/20059/5DC1D8B9/cpfc.zip, retval:0, size:6750, cache:0
[2025/01/09 16:02:36]dl https://down.anticheatexpert.com/iedsafe/Client/android/20059/8CE149F7/tp2cfg.dat, retval:0, size:767, cache:0
[2025/01/09 16:02:37]DoConnCSChannelImp, 180.102.211.18:443
[2025/01/09 16:02:37]send_1,ret:1,cnt:5,len:966,remain:5,cs:1
[2025/01/09 16:02:37]send_2,ret:1,cnt:4,len:856,remain:1,cs:1
[2025/01/09 16:02:37]send_3,ret:1,cnt:1,len:198,remain:0,cs:1
[2025/01/09 16:02:40][VM64][builtin.zip][vm_main.img]RoDataScanerV, time cast:17ms
[2025/01/09 16:02:48]send_4,ret:1,cnt:1,len:49,remain:2,cs:0
[2025/01/09 16:02:48]send_5,ret:1,cnt:2,len:582,remain:0,cs:1
[2025/01/09 16:03:05]send_6,ret:1,cnt:2,len:854,remain:1,cs:1
[2025/01/09 16:03:07]send_7,ret:1,cnt:1,len:371,remain:0,cs:1
[2025/01/09 16:03:11]send_8,ret:1,cnt:1,len:334,remain:0,cs:1
[2025/01/09 16:03:14]send_9,ret:1,cnt:2,len:679,remain:4,cs:1
[2025/01/09 16:03:14]send_10,ret:1,cnt:2,len:679,remain:2,cs:1
[2025/01/09 16:03:14]send_11,ret:1,cnt:2,len:679,remain:0,cs:1
[2025/01/09 16:03:18]send_12,ret:1,cnt:3,len:691,remain:0,cs:1
[2025/01/09 16:05:04]send_13,ret:1,cnt:1,len:49,remain:0,cs:0
